RAM Allocation [bytes]
Variable                                                                          Address   Size
------------------------------------------------------------------------------------------------
b                                                                                 0x0160       2
k                                                                                 0x0162       2
v                                                                                 0x0164       2
cmp                                                                               0x0166       2
c                                                                                 0x0168       2
_base_y                                                                           0x016A       4
_lcd_x                                                                            0x016E       1
_lcd_y                                                                            0x016F       1
_lcd_maxx                                                                         0x0170       1

EEPROM Allocation [bytes]
Variable                                                                          Address   Size
------------------------------------------------------------------------------------------------

Register Allocation
Variable                                                                          Register  Size
------------------------------------------------------------------------------------------------
senseval                                                                          R4,R5        2
i                                                                                 R6,R7        2
sensemin                                                                          R8,R9        2
l                                                                                 R10,R11      2
r                                                                                 R12,R13      2

FLASH Allocation [words]
Function                                                                          Address   Size
------------------------------------------------------------------------------------------------
read_adc                                                                          0x00064     15
compass_read                                                                      0x00073     25
motor                                                                             0x0008C    176
readsensor                                                                        0x0013C     87
readcmp                                                                           0x00193    157
catch                                                                             0x00230    260
out                                                                               0x00334    159
main                                                                              0x003D3    193
_lcd_write_nibble_G100                                                            0x00494     20
_lcd_write_data                                                                   0x004A8     12
lcd_gotoxy                                                                        0x004B4     17
lcd_clear                                                                         0x004C5     12
lcd_putchar                                                                       0x004D1     31
lcd_init                                                                          0x004F0     44
